* installing *source* package ‘zuhttp’ ...
** this is package ‘zuhttp’ version ‘0.0.0.9000’
** using staged installation
** libs
using C compiler: ‘Apple clang version 21.0.0 (clang-2100.1.1.101)’
using SDK: ‘MacOSX26.5.sdk’
clang -arch arm64 -I"/Library/Frameworks/R.framework/Versions/4.6/Resources/include" -DNDEBUG   -I/opt/R/arm64/include    -fPIC  -falign-functions=64 -Wall -g -O2  -c init.c -o init.o
clang -arch arm64 -I"/Library/Frameworks/R.framework/Versions/4.6/Resources/include" -DNDEBUG   -I/opt/R/arm64/include    -fPIC  -falign-functions=64 -Wall -g -O2  -c zu_alloc.c -o zu_alloc.o
clang -arch arm64 -I"/Library/Frameworks/R.framework/Versions/4.6/Resources/include" -DNDEBUG   -I/opt/R/arm64/include    -fPIC  -falign-functions=64 -Wall -g -O2  -c zu_buffer.c -o zu_buffer.o
clang -arch arm64 -I"/Library/Frameworks/R.framework/Versions/4.6/Resources/include" -DNDEBUG   -I/opt/R/arm64/include    -fPIC  -falign-functions=64 -Wall -g -O2  -c zu_error.c -o zu_error.o
clang -arch arm64 -I"/Library/Frameworks/R.framework/Versions/4.6/Resources/include" -DNDEBUG   -I/opt/R/arm64/include    -fPIC  -falign-functions=64 -Wall -g -O2  -c zu_mock_stream.c -o zu_mock_stream.o
clang -arch arm64 -I"/Library/Frameworks/R.framework/Versions/4.6/Resources/include" -DNDEBUG   -I/opt/R/arm64/include    -fPIC  -falign-functions=64 -Wall -g -O2  -c zu_stream.c -o zu_stream.o
clang -arch arm64 -I"/Library/Frameworks/R.framework/Versions/4.6/Resources/include" -DNDEBUG   -I/opt/R/arm64/include    -fPIC  -falign-functions=64 -Wall -g -O2  -c zu_time.c -o zu_time.o
clang -arch arm64 -dynamiclib -Wl,-headerpad_max_install_names -undefined dynamic_lookup -L/Library/Frameworks/R.framework/Versions/4.6/Resources/lib -L/opt/R/arm64/lib -o zuhttp.so init.o zu_alloc.o zu_buffer.o zu_error.o zu_mock_stream.o zu_stream.o zu_time.o -F/Library/Frameworks/R.framework/Versions/4.6 -framework R
installing to /Users/pbtz/Documents/repos/gh/pedrobtz/zuhttp/zuhttp.Rcheck/00LOCK-zuhttp/00new/zuhttp/libs
** R
** byte-compile and prepare package for lazy loading
** help
*** installing help indices
** building package indices
** testing if installed package can be loaded from temporary location
** checking absolute paths in shared objects and dynamic libraries
** testing if installed package can be loaded from final location
** testing if installed package keeps a record of temporary installation path
* DONE (zuhttp)
